Archive member included       because of file (symbol)

E:/nightly/rwsdk.sky/rwsdk/lib/sky2/librplogo.a(rplogo.obj)
                              obj/sky2/main.o (RpLogoPluginAttach)
E:/nightly/rwsdk.sky/rwsdk/lib/sky2/librtimport.a(rtimport.obj)
                              obj/sky2/world.o (RtWorldImportDestroy)
E:/nightly/rwsdk.sky/rwsdk/lib/sky2/librtimport.a(nhscond.obj)
                              E:/nightly/rwsdk.sky/rwsdk/lib/sky2/librtimport.a(rtimport.obj) (_rtImportSetWeldThresholdPositional)
E:/nightly/rwsdk.sky/rwsdk/lib/sky2/librtimport.a(nhssplit.obj)
                              E:/nightly/rwsdk.sky/rwsdk/lib/sky2/librtimport.a(rtimport.obj) (_rtImportBuildSectorCreateFromNoHSWorld)
E:/nightly/rwsdk.sky/rwsdk/lib/sky2/librtimport.a(nhsstats.obj)
                              E:/nightly/rwsdk.sky/rwsdk/lib/sky2/librtimport.a(nhssplit.obj) (_rtImportBuildSectorGetClipStatistics)
E:/nightly/rwsdk.sky/rwsdk/lib/sky2/librtimport.a(nhsutil.obj)
                              E:/nightly/rwsdk.sky/rwsdk/lib/sky2/librtimport.a(nhssplit.obj) (_rtImportPlaneSectorDestroyTree)
E:/nightly/rwsdk.sky/rwsdk/lib/sky2/librtimport.a(nhswing.obj)
                              E:/nightly/rwsdk.sky/rwsdk/lib/sky2/librtimport.a(nhscond.obj) (_rtImportBuildSectorWeldPolygons)
E:/nightly/rwsdk.sky/rwsdk/lib/sky2/librtimport.a(nhsworld.obj)
                              E:/nightly/rwsdk.sky/rwsdk/lib/sky2/librtimport.a(nhssplit.obj) (_rtImportWorldSectorCompressTree)
E:/nightly/rwsdk.sky/rwsdk/lib/sky2/librtimport.a(nhsbary.obj)
                              E:/nightly/rwsdk.sky/rwsdk/lib/sky2/librtimport.a(nhswing.obj) (_rtImportBarycentricFromCartesianMatrix)
E:/nightly/rwsdk.sky/rwsdk/lib/sky2/librtimport.a(nhssmplx.obj)
                              E:/nightly/rwsdk.sky/rwsdk/lib/sky2/librtimport.a(nhswing.obj) (_rtImportWingPolyTriangulate)
E:/nightly/rwsdk.sky/rwsdk/lib/sky2/librtcharse.a(chrprint.obj)
                              obj/sky2/menu.o (RtCharsetBufferFlush)
E:/nightly/rwsdk.sky/rwsdk/lib/sky2/librtcharse.a(rtcharse.obj)
                              obj/sky2/main.o (RtCharsetCreate)
E:/nightly/rwsdk.sky/rwsdk/lib/sky2/librtbmp.a(rtbmp.obj)
                              obj/sky2/skeleton.o (RtBMPImageRead)
E:/nightly/rwsdk.sky/rwsdk/lib/sky2/librtpng.a(rtpng.obj)
                              obj/sky2/skeleton.o (RtPNGImageRead)
E:/nightly/rwsdk.sky/rwsdk/lib/sky2/librtpng.a(png.obj)
                              E:/nightly/rwsdk.sky/rwsdk/lib/sky2/librtpng.a(rtpng.obj) (png_create_info_struct)
E:/nightly/rwsdk.sky/rwsdk/lib/sky2/librtpng.a(pngerror.obj)
                              E:/nightly/rwsdk.sky/rwsdk/lib/sky2/librtpng.a(rtpng.obj) (png_error)
E:/nightly/rwsdk.sky/rwsdk/lib/sky2/librtpng.a(pngget.obj)
                              E:/nightly/rwsdk.sky/rwsdk/lib/sky2/librtpng.a(rtpng.obj) (png_get_valid)
E:/nightly/rwsdk.sky/rwsdk/lib/sky2/librtpng.a(pngmem.obj)
                              E:/nightly/rwsdk.sky/rwsdk/lib/sky2/librtpng.a(png.obj) (png_malloc)
E:/nightly/rwsdk.sky/rwsdk/lib/sky2/librtpng.a(pngread.obj)
                              E:/nightly/rwsdk.sky/rwsdk/lib/sky2/librtpng.a(rtpng.obj) (png_create_read_struct_2)
E:/nightly/rwsdk.sky/rwsdk/lib/sky2/librtpng.a(pngrio.obj)
                              E:/nightly/rwsdk.sky/rwsdk/lib/sky2/librtpng.a(rtpng.obj) (png_set_read_fn)
E:/nightly/rwsdk.sky/rwsdk/lib/sky2/librtpng.a(pngrtran.obj)
                              E:/nightly/rwsdk.sky/rwsdk/lib/sky2/librtpng.a(pngread.obj) (png_read_transform_info)
E:/nightly/rwsdk.sky/rwsdk/lib/sky2/librtpng.a(pngrutil.obj)
                              E:/nightly/rwsdk.sky/rwsdk/lib/sky2/librtpng.a(pngread.obj) (png_handle_IHDR)
E:/nightly/rwsdk.sky/rwsdk/lib/sky2/librtpng.a(pngset.obj)
                              E:/nightly/rwsdk.sky/rwsdk/lib/sky2/librtpng.a(pngrutil.obj) (png_set_cHRM)
E:/nightly/rwsdk.sky/rwsdk/lib/sky2/librtpng.a(pngtrans.obj)
                              E:/nightly/rwsdk.sky/rwsdk/lib/sky2/librtpng.a(pngrtran.obj) (png_do_strip_filler)
E:/nightly/rwsdk.sky/rwsdk/lib/sky2/librtpng.a(pngwio.obj)
                              E:/nightly/rwsdk.sky/rwsdk/lib/sky2/librtpng.a(rtpng.obj) (png_set_write_fn)
E:/nightly/rwsdk.sky/rwsdk/lib/sky2/librtpng.a(pngwrite.obj)
                              E:/nightly/rwsdk.sky/rwsdk/lib/sky2/librtpng.a(rtpng.obj) (png_write_info)
E:/nightly/rwsdk.sky/rwsdk/lib/sky2/librtpng.a(pngwtran.obj)
                              E:/nightly/rwsdk.sky/rwsdk/lib/sky2/librtpng.a(pngwrite.obj) (png_do_write_transformations)
E:/nightly/rwsdk.sky/rwsdk/lib/sky2/librtpng.a(pngwutil.obj)
                              E:/nightly/rwsdk.sky/rwsdk/lib/sky2/librtpng.a(pngwrite.obj) (png_write_IHDR)
E:/nightly/rwsdk.sky/rwsdk/lib/sky2/librtpng.a(deflate.obj)
                              E:/nightly/rwsdk.sky/rwsdk/lib/sky2/librtpng.a(pngwutil.obj) (deflateInit2_)
[...]
Memory Configuration

Name             Origin             Length             Attributes
*default*        0x0000000000000000 0xffffffffffffffff

Linker script and memory map

LOAD crt0.o
LOAD obj/sky2/main.o
LOAD obj/sky2/events.o
LOAD obj/sky2/camera.o
LOAD obj/sky2/menu.o
LOAD obj/sky2/world.o
LOAD obj/sky2/skeleton.o
LOAD obj/sky2/sky.o
LOAD obj/sky2/skyfs.o
LOAD E:/nightly/rwsdk.sky/rwsdk/lib/sky2/librplogo.a
LOAD E:/nightly/rwsdk.sky/rwsdk/lib/sky2/librtimport.a
LOAD E:/nightly/rwsdk.sky/rwsdk/lib/sky2/librtcharse.a
LOAD E:/nightly/rwsdk.sky/rwsdk/lib/sky2/librtbmp.a
LOAD E:/nightly/rwsdk.sky/rwsdk/lib/sky2/librtpng.a
LOAD E:/nightly/rwsdk.sky/rwsdk/lib/sky2/librpworld.a
LOAD E:/nightly/rwsdk.sky/rwsdk/lib/sky2/librwcore.a
LOAD E:/usr/local/sce/ee/lib/libgraph.a
LOAD E:/usr/local/sce/ee/lib/libdma.a
LOAD E:/usr/local/sce/ee/lib/libpad.a
LOAD E:/usr/local/sce/ee/gcc/lib/gcc-lib/ee\2.95.2\../../../../ee\lib\libm.a
LOAD E:/usr/local/sce/ee/gcc/lib/gcc-lib/ee\2.95.2\libgcc.a
LOAD E:/usr/local/sce/ee/gcc/lib/gcc-lib/ee\2.95.2\libgcc.a
                0x0000000000100000                _stack_size=0x100000
                0xffffffffffffffff                _stack=0xffffffffffffffff
                0xffffffffffffffff                _heap_size=0xffffffffffffffff
START GROUP
LOAD E:/usr/local/sce/ee/gcc/lib/gcc-lib/ee\2.95.2\../../../../ee\lib\libc.a
LOAD E:/usr/local/sce/ee/lib\libkernl.a
LOAD E:/usr/local/sce/ee/gcc/lib/gcc-lib/ee\2.95.2\libgcc.a
END GROUP

.text           0x0000000000100000    0xbd0b0
 crt0.o(.text)
 .text          0x0000000000100000       0xc8 crt0.o
                0x0000000000100008                _start
                0x0000000000100008                ENTRYPOINT
                0x00000000001000b8                _exit
 *(.text)
 .text          0x00000000001000c8      0x58c obj/sky2/main.o
                0x0000000000100440                AppEventHandler
 *fill*         0x0000000000100654 0x303db800000004
 .text          0x0000000000100658       0x80 obj/sky2/events.o
                0x0000000000100658                AttachInputDevices
 .text          0x00000000001006d8      0x8e8 obj/sky2/camera.o
                0x00000000001009c0                CameraMove
                0x0000000000100c38                CameraRotate
                0x0000000000100db8                CameraCreate
                0x0000000000100b58                CameraPan
                0x0000000000100a78                CameraTilt
                0x0000000000100f18                CameraCreateCrossHair
                0x0000000000100d18                CameraDestroy
                0x00000000001006d8                CameraSize
 .text          0x0000000000100fc0     0x2d34 obj/sky2/menu.o
                0x0000000000103a48                MenuSelectEntry
                0x0000000000103bb8                MenuSetRangeReal
                0x0000000000102d78                MenuRender
                0x0000000000103288                MenuOpen
                0x0000000000103560                MenuAddEntryBoolTransient
                0x0000000000102378                MenuKeyboardShortcutHandler
                0x0000000000101268                MenuToggle
                0x00000000001024e0                MenuKeyboardHandler
                0x0000000000103a38                MenuGetStatus
                0x0000000000101a68                MenuRemoveEntry
                0x0000000000103998                MenuAddSeparator
                0x0000000000103c78                MenuSetStatus
                0x0000000000103630                MenuAddEntryInt
                0x0000000000103a90                MenuSetRangeInt
                0x0000000000103490                MenuAddEntryBool
                0x0000000000101de0                MenuMouseHandler
                0x00000000001020c0                MenuPadHandler
                0x00000000001030e0                MenuClose
                0x00000000001038e8                MenuAddEntryTrigger
                0x00000000001037c8                MenuAddEntryReal
 *fill*         0x0000000000103cf4 0x303db800000004
 .text          0x0000000000103cf8      0xac8 obj/sky2/world.o
                0x0000000000104758                CreateWorld
 .text          0x00000000001047c0     0x14a8 obj/sky2/skeleton.o
                0x0000000000105920                RsMouseSetVisibility
                0x0000000000105890                RsKeyFromScanCode
                0x0000000000105980                RsRwTerminate
                0x0000000000104df0                RsLoadPresetViews
                0x00000000001058e0                RsErrorMessage
                0x00000000001058c0                RsCameraShowRaster
                0x0000000000105690                RsPadEventHandler
                0x0000000000105a48                RsSetPresetView
                0x0000000000105658                RsMouseEventHandler
                0x0000000000104918                RsRwInitialize
                0x0000000000105788                RsSelectDevice
                0x0000000000105830                RsPathGetSeparator
                0x0000000000105c20                RsGrabScreen
                0x0000000000105940                RsMouseSetPos
                0x0000000000105ba0                RsDestroyPresetViews
                0x00000000001049f8                RsSetModelTexturePath
                0x0000000000105b58                RsGetPresetViewDescription
                0x0000000000105730                RsRegisterImageLoader
                0x0000000000105348                RsSavePresetView
                0x00000000001059e8                RsWarningMessage
                0x0000000000105960                RsPathnameDestroy
                0x0000000000104ba0                RsSetNextPresetView
                0x0000000000105870                RsTimer
                0x0000000000105810                RsAlwaysOnTop
                0x00000000001047c0                RsEventHandler
                0x0000000000104cc8                RsSetPreviousPresetView
                0x00000000001059c8                RsTerminate
                0x00000000001057a8                RsInputDeviceAttach
                0x0000000000105620                RsKeyboardEventHandler
                0x00000000001056c8                RsInitialize
                0x0000000000105850                RsPathnameCreate
                0x0000000000105a28                RsWindowSetText
 .text          0x0000000000105c68     0x16c4 obj/sky2/sky.o
                0x0000000000106eb8                psPathnameCreate
                0x0000000000106ff0                psGetMemoryFunctions
                0x0000000000106fb8                psAlwaysOnTop
                0x0000000000106d38                psTimer
                0x0000000000106d18                psDebugMessageHandler
                0x0000000000106fa8                psInitialize
                0x0000000000106fb0                psTerminate
                0x0000000000106d00                psWindowSetText
                0x0000000000106fe0                psMouseSetVisibility
                0x0000000000106fa0                psPathGetSeparator
                0x0000000000106da8                psGrabScreen
                0x0000000000106d10                psWarningMessage
                0x00000000001069c8                main
                0x0000000000105c68                psSelectDevice
                0x0000000000106fc0                psCameraShowRaster
                0x00000000001070d8                skyOverideIOPPath
                0x0000000000107058                psNativeTextureSupport
                0x0000000000106fe8                psMouseSetPos
                0x0000000000107060                psMicroTimer
                0x0000000000106d08                psErrorMessage
                0x0000000000107030                psInstallFileSystem
                0x0000000000106f78                psPathnameDestroy
 *fill*         0x000000000010732c 0x303db800000004
 .text          0x0000000000107330      0xca0 obj/sky2/skyfs.o
                0x0000000000107830                SkyInstallFileSystem
 .text          0x0000000000107fd0      0x998 E:/nightly/rwsdk.sky/rwsdk/lib/sky2/librplogo.a(rplogo.obj)
                0x00000000001086f0                RpLogoPluginAttach
                0x0000000000108760                RpLogoSetPosition
                0x00000000001088a8                RpLogoGetRenderingRect
                0x0000000000108870                RpLogoGetState
                0x00000000001087e8                RpLogoGetPosition
                0x0000000000108818                RpLogoSetState
 .text          0x0000000000108968     0x11e8 E:/nightly/rwsdk.sky/rwsdk/lib/sky2/librtimport.a(rtimport.obj)
                0x0000000000109938                RtWorldImportAddMaterial
                0x0000000000109990                RtWorldImportGetMaterialIndex
                0x0000000000108b40                RtWorldImportCreateGeometry
                0x0000000000109390                RtWorldImportCreate
                0x0000000000109658                RtWorldImportGetNumVertices
                0x0000000000109a60                RtWorldImportForAllMaterials
                0x00000000001093f8                RtWorldImportAddNumVertices
                0x0000000000109778                RtWorldImportSetSurfaceProperties
                0x00000000001090b0                RtWorldImportDestroy
                0x0000000000109510                RtWorldImportAddNumTriangles
                0x0000000000109628                RtWorldImportGetMaterial
                0x0000000000109730                RtWorldImportGetTriangles
                0x00000000001097e0                RtWorldImportGetSurfaceProperties
                0x0000000000109830                _rtImportWorldSendProgressMessage
                0x00000000001096a0                RtWorldImportGetVertices
                0x0000000000109828                RtWorldImportSetProgressCallBack
                0x0000000000109b28                RtWorldImportSetUserdataCallBacks
                0x00000000001096e8                RtWorldImportGetNumTriangles
                0x0000000000109328                RtWorldImportCreateWorld
                0x0000000000109258                RtWorldImportParametersInitialize
                0x0000000000109868                RtWorldImportWrite
                0x0000000000108968                RtWorldImportRead
 .text          0x0000000000109b50     0x3378 E:/nightly/rwsdk.sky/rwsdk/lib/sky2/librtimport.a(nhscond.obj)
                0x000000000010cd48                _rtImportSetWeldThresholdPositional
                0x000000000010c8e0                _rtImportBuildSectorConditionGeometry
                0x000000000010cd58                _rtImportSetWeldThresholdAngular
                0x000000000010cd40                _rtImportGetWeldThresholdPositional
                0x000000000010cd50                _rtImportGetWeldThresholdAngular
 .text          0x000000000010cec8     0x442c E:/nightly/rwsdk.sky/rwsdk/lib/sky2/librtimport.a(nhssplit.obj)
                0x0000000000110750                _rtImportBuildSectorCreateFromNoHSWorld
                0x0000000000110cc0                _rtImportWorldCreateWorld
 *fill*         0x00000000001112f4 0x303db800000004
 .text          0x00000000001112f8      0x320 E:/nightly/rwsdk.sky/rwsdk/lib/sky2/librtimport.a(nhsstats.obj)
                0x00000000001112f8                _rtImportBuildSectorGetClipStatistics
 .text          0x0000000000111618     0x1400 E:/nightly/rwsdk.sky/rwsdk/lib/sky2/librtimport.a(nhsutil.obj)
                0x0000000000112520                _rtImportBuildSectorCreate
                0x0000000000112940                _rtImportWorldSectorCheck
                0x0000000000112918                _rtImportPlaneSectorDestroy
                0x0000000000112840                _rtImportBuildSectorFindNumTriangles
                0x0000000000112890                _rtImportBuildPlaneSectorCreate
                0x00000000001129e0                _rtImportBuildSectorCheck
                0x0000000000111ef0                _rtImportPlaneSectorDestroyTree
                0x00000000001125a0                _rtImportBuildSectorDestroy
                0x0000000000111618                _rtImportBuildSectorTriangulize
                0x0000000000112090                _rtImportWorldSectorInitialize
                0x00000000001126e0                _rtImportBuildSectorFindBBox
 .text          0x0000000000112a18     0x1600 E:/nightly/rwsdk.sky/rwsdk/lib/sky2/librtimport.a(nhswing.obj)
                0x0000000000113c98                _rtImportWingPolyForAllVertices
                0x0000000000113820                _rtImportBuildSectorWeldPolygons
                0x0000000000113bd8                _rtImportWingPolyForAllEdges
 .text          0x0000000000114018      0xaec E:/nightly/rwsdk.sky/rwsdk/lib/sky2/librtimport.a(nhsworld.obj)
                0x0000000000114910                _rtImportWorldSectorCompressTree
 *fill*         0x0000000000114b04 0x303db800000004
 .text          0x0000000000114b08      0x73c E:/nightly/rwsdk.sky/rwsdk/lib/sky2/librtimport.a(nhsbary.obj)
                0x0000000000114b08                _rtImportBarycentricFromCartesianMatrix
 *fill*         0x0000000000115244 0x303db800000004
 .text          0x0000000000115248     0x106c E:/nightly/rwsdk.sky/rwsdk/lib/sky2/librtimport.a(nhssmplx.obj)
                0x0000000000116168                _rtImportWingPolyTriangulate
 *fill*         0x00000000001162b4 0x303db800000004
 .text          0x00000000001162b8      0x98c E:/nightly/rwsdk.sky/rwsdk/lib/sky2/librtcharse.a(chrprint.obj)
                0x0000000000116900                RtCharsetBufferFlush
                0x0000000000116a58                RtCharsetPrintBuffered
                0x0000000000116c28                RtCharsetPrint
 *fill*         0x0000000000116c44 0x303db800000004
 .text          0x0000000000116c48      0x75c E:/nightly/rwsdk.sky/rwsdk/lib/sky2/librtcharse.a(rtcharse.obj)
                0x0000000000117188                RtCharsetClose
                0x0000000000116e10                RtCharsetSetColors
                0x0000000000116fa0                RtCharsetCreate
                0x00000000001170f8                RtCharsetOpen
                0x00000000001172a8                RtCharsetDestroy
                0x0000000000117328                _rtCharsetAtariFontGet
                0x00000000001171e8                RtCharsetGetDesc
 *fill*         0x00000000001173a4 0x303db800000004
 .text          0x00000000001173a8     0x12b8 E:/nightly/rwsdk.sky/rwsdk/lib/sky2/librtbmp.a(rtbmp.obj)
                0x0000000000117fb0                RtBMPImageRead
                0x00000000001185f0                RtBMPImageWrite
 .text          0x0000000000118660      0xae8 E:/nightly/rwsdk.sky/rwsdk/lib/sky2/librtpng.a(rtpng.obj)
                0x0000000000118fd0                RwImageWritePNG
                0x0000000000118a30                RtPNGImageRead
                0x0000000000119028                RwImageReadPNG
                0x0000000000118660                RtPNGImageWrite
 .text          0x0000000000119148      0xac8 E:/nightly/rwsdk.sky/rwsdk/lib/sky2/librtpng.a(png.obj)
                0x0000000000119908                png_get_header_ver
                0x0000000000119a68                png_zfree
                0x00000000001199b8                png_zalloc
                0x0000000000119938                png_get_libpng_ver
                0x0000000000119670                png_sig_cmp
                0x0000000000119618                png_set_sig_bytes
                0x0000000000119950                png_info_destroy
                0x0000000000119890                png_get_io_ptr
                0x0000000000119b28                png_handle_as_unknown
                0x0000000000119610                png_access_version_number
                0x00000000001197d8                png_info_init_3
                0x00000000001198f8                png_get_copyright
                0x0000000000119920                png_get_header_version
                0x0000000000119740                png_reset_zstream
                0x0000000000119ac0                png_calculate_crc
                0x0000000000119c08                png_mmx_support
                0x00000000001196e0                png_check_sig
                0x0000000000119a88                png_reset_crc
                0x0000000000119760                png_create_info_struct
                0x00000000001197b0                png_info_init
                0x0000000000119828                png_destroy_info_struct
                0x0000000000119148                png_free_data
                0x0000000000119898                png_data_freer
 .text          0x0000000000119c10      0x468 E:/nightly/rwsdk.sky/rwsdk/lib/sky2/librtpng.a(pngerror.obj)
                0x0000000000119e08                png_error
                0x0000000000119fe0                png_warning
                0x0000000000119c10                png_chunk_warning
                0x0000000000119e00                png_get_error_ptr
                0x0000000000119e50                png_chunk_error
                0x0000000000119df0                png_set_error_fn
 .text          0x000000000011a078      0xcd0 E:/nightly/rwsdk.sky/rwsdk/lib/sky2/librtpng.a(pngget.obj)
                0x000000000011aaa8                png_get_sBIT
                0x000000000011a630                png_get_cHRM_fixed
                0x000000000011a4a8                png_get_bKGD
                0x000000000011a798                png_get_hIST
                0x000000000011a1a8                png_get_interlace_type
                0x000000000011a370                png_get_x_offset_pixels
                0x000000000011ab90                png_get_sPLT
                0x000000000011a0e8                png_get_rowbytes
                0x000000000011ab28                png_get_iCCP
                0x000000000011a090                png_get_rgb_to_gray_status
                0x000000000011a190                png_get_filter_type
                0x000000000011ac10                png_get_tIME
                0x000000000011a448                png_get_y_offset_microns
                0x000000000011a148                png_get_image_height
                0x000000000011a958                png_get_pCAL
                0x000000000011a130                png_get_image_width
                0x000000000011a230                png_get_x_pixels_per_meter
                0x000000000011aae8                png_get_sRGB
                0x000000000011a118                png_get_channels
                0x000000000011a6e8                png_get_gAMA
                0x000000000011a3b8                png_get_y_offset_pixels
                0x000000000011a078                png_get_compression_buffer_size
                0x000000000011a0c0                png_get_valid
                0x000000000011a1c0                png_get_compression_type
                0x000000000011a400                png_get_x_offset_microns
                0x000000000011a100                png_get_rows
                0x000000000011a8f8                png_get_oFFs
                0x000000000011a160                png_get_bit_depth
                0x000000000011a178                png_get_color_type
                0x000000000011aa60                png_get_PLTE
                0x000000000011a1d8                png_get_pixels_per_meter
                0x000000000011a7d8                png_get_IHDR
                0x000000000011a750                png_get_gAMA_fixed
                0x000000000011a490                png_get_signature
                0x000000000011abb8                png_get_text
                0x000000000011acd8                png_get_sCAL
                0x000000000011a4e8                png_get_cHRM
                0x000000000011ac50                png_get_tRNS
                0x000000000011a9f8                png_get_pHYs
                0x000000000011a278                png_get_y_pixels_per_meter
                0x000000000011ad20                png_get_unknown_chunks
                0x000000000011a2c0                png_get_pixel_aspect_ratio
                0x000000000011a0a8                png_get_user_chunk_ptr
 .text          0x000000000011ad48      0x348 E:/nightly/rwsdk.sky/rwsdk/lib/sky2/librtpng.a(pngmem.obj)
                0x000000000011af98                png_destroy_struct
                0x000000000011ad48                png_set_mem_fn
                0x000000000011ae80                png_free_default
                0x000000000011afb8                png_create_struct_2
                0x000000000011af10                png_memset_check
                0x000000000011ad60                png_malloc
                0x000000000011af78                png_create_struct
                0x000000000011b050                png_destroy_struct_2
                0x000000000011aea8                png_memcpy_check
                0x000000000011ade0                png_free
                0x000000000011ad58                png_get_mem_ptr
                0x000000000011ae28                png_malloc_default
 .text          0x000000000011b090     0x2088 E:/nightly/rwsdk.sky/rwsdk/lib/sky2/librtpng.a(pngread.obj)
                0x000000000011c558                png_read_destroy
                0x000000000011d060                png_set_read_status_fn
                0x000000000011d068                png_read_init
                0x000000000011cbf0                png_create_read_struct
                0x000000000011b350                png_read_init_3
                0x000000000011c8d0                png_read_png
                0x000000000011cc18                png_start_read_image
                0x000000000011d090                png_read_init_2
                0x000000000011b540                png_read_info
                0x000000000011cf50                png_destroy_read_struct
                0x000000000011cc48                png_read_update_info
                0x000000000011ce50                png_read_image
                0x000000000011baf8                png_read_row
                0x000000000011b090                png_create_read_struct_2
                0x000000000011ccb0                png_read_rows
                0x000000000011c088                png_read_end
 .text          0x000000000011d118       0x90 E:/nightly/rwsdk.sky/rwsdk/lib/sky2/librtpng.a(pngrio.obj)
                0x000000000011d118                png_set_read_fn
                0x000000000011d170                png_read_data
 .text          0x000000000011d1a8     0x6f54 E:/nightly/rwsdk.sky/rwsdk/lib/sky2/librtpng.a(pngrtran.obj)
                0x000000000011faa8                png_do_read_filler
                0x000000000011d1a8                png_set_dither
                0x00000000001239d0                png_set_gray_1_2_4_to_8
                0x0000000000124010                png_set_read_user_transform_fn
                0x0000000000123d00                png_set_strip_alpha
                0x0000000000123e10                png_set_strip_16
                0x0000000000122fc8                png_build_gamma_table
                0x000000000011f370                png_do_unshift
                0x0000000000122dc8                png_do_dither
                0x00000000001201f8                png_do_rgb_to_gray
                0x0000000000123a30                png_set_rgb_to_gray
                0x0000000000123a18                png_set_gray_to_rgb
                0x000000000011ff48                png_do_gray_to_rgb
                0x0000000000123b08                png_set_rgb_to_gray_fixed
                0x000000000011ed00                png_do_read_transformations
                0x0000000000123ef0                png_set_crc_action
                0x00000000001239e8                png_set_palette_to_rgb
                0x000000000011f708                png_do_read_swap_alpha
                0x0000000000121e50                png_do_gamma
                0x00000000001239b8                png_set_expand
                0x000000000011ea70                png_read_transform_info
                0x0000000000122818                png_do_expand
                0x000000000011dc20                png_init_read_transformations
                0x0000000000123a00                png_set_tRNS_to_alpha
                0x000000000011f918                png_do_read_invert_alpha
                0x0000000000123c38                png_build_grayscale_palette
                0x0000000000124028                png_do_chop
                0x0000000000123d18                png_set_background
                0x000000000011f150                png_do_unpack
                0x0000000000122450                png_do_expand_palette
                0x0000000000123e28                png_set_gamma
                0x0000000000120ac0                png_do_background
 *fill*         0x00000000001240fc 0x303db800000004
 .text          0x0000000000124100     0x6cc8 E:/nightly/rwsdk.sky/rwsdk/lib/sky2/librtpng.a(pngrutil.obj)
                0x0000000000125d30                png_handle_sRGB
                0x000000000012a200                png_read_finish_row
                0x0000000000124408                png_handle_IHDR
                0x000000000012ab20                png_crc_error
                0x000000000012a990                png_get_uint_16
                0x000000000012ad28                png_check_chunk_name
                0x0000000000129ec8                png_read_filter_row
                0x000000000012a5f0                png_read_start_row
                0x0000000000127ab8                png_handle_pHYs
                0x000000000012a960                png_get_uint_32
                0x000000000012abc8                png_handle_IEND
                0x00000000001276b0                png_handle_hIST
                0x0000000000124aa0                png_handle_gAMA
                0x0000000000128ba0                png_handle_tIME
                0x0000000000126c08                png_handle_tRNS
                0x0000000000124658                png_handle_PLTE
                0x0000000000127e58                png_handle_oFFs
                0x00000000001271c8                png_handle_bKGD
                0x0000000000128798                png_handle_sCAL
                0x0000000000126270                png_handle_iCCP
                0x0000000000129098                png_handle_zTXt
                0x00000000001281f8                png_handle_pCAL
                0x00000000001292c8                png_handle_unknown
                0x000000000012a9a8                png_crc_read
                0x0000000000124ed0                png_handle_sBIT
                0x0000000000129568                png_combine_row
                0x000000000012a9f8                png_crc_finish
                0x0000000000126768                png_handle_sPLT
                0x00000000001252a0                png_handle_cHRM
                0x0000000000124100                png_decompress_chunk
                0x0000000000129930                png_do_read_interlace
                0x000000000012a930                png_get_int_32
                0x0000000000128ed0                png_handle_tEXt
 .text          0x000000000012adc8     0x192c E:/nightly/rwsdk.sky/rwsdk/lib/sky2/librtpng.a(pngset.obj)
                0x000000000012c0d0                png_set_sBIT
                0x000000000012ba20                png_set_cHRM_fixed
                0x000000000012bbe0                png_set_gAMA
                0x000000000012c690                png_set_unknown_chunk_location
                0x000000000012b4e8                png_set_text
                0x000000000012bc90                png_set_gAMA_fixed
                0x000000000012b9e0                png_set_bKGD
                0x000000000012be08                png_set_oFFs
                0x000000000012aff0                png_set_IHDR
                0x000000000012c3a0                png_set_keep_unknown_chunks
                0x000000000012c298                png_set_tRNS
                0x000000000012be38                png_set_pCAL
                0x000000000012c530                png_set_unknown_chunks
                0x000000000012c020                png_set_PLTE
                0x000000000012c6d0                png_set_invalid
                0x000000000012b740                png_set_sPLT
                0x000000000012adc8                png_set_cHRM
                0x000000000012c370                png_set_sCAL
                0x000000000012c138                png_set_iCCP
                0x000000000012b940                png_permit_empty_plte
                0x000000000012b8d8                png_set_compression_buffer_size
                0x000000000012b960                png_set_read_user_chunk_fn
                0x000000000012bd20                png_set_hIST
                0x000000000012b280                png_set_sRGB_gAMA_and_cHRM
                0x000000000012bff0                png_set_pHYs
                0x000000000012c110                png_set_sRGB
                0x000000000012c250                png_set_tIME
                0x000000000012b970                png_set_rows
 *fill*         0x000000000012c6f4 0x303db800000004
 .text          0x000000000012c6f8      0x960 E:/nightly/rwsdk.sky/rwsdk/lib/sky2/librtpng.a(pngtrans.obj)
                0x000000000012c6f8                png_do_strip_filler
                0x000000000012ccb8                png_set_filler
                0x000000000012cde8                png_set_interlace_handling
                0x000000000012ce48                png_do_swap
                0x000000000012cd60                png_set_packing
                0x000000000012cc88                png_set_swap_alpha
                0x000000000012ce30                png_set_user_transform_info
                0x000000000012cc70                png_set_bgr
                0x000000000012cd38                png_set_swap
                0x000000000012ca80                png_do_bgr
                0x000000000012cd90                png_set_packswap
                0x000000000012ce18                png_set_invert_mono
                0x000000000012cf08                png_do_packswap
                0x000000000012cfd8                png_do_invert
                0x000000000012cca0                png_set_invert_alpha
                0x000000000012ce40                png_get_user_transform_ptr
                0x000000000012cdb8                png_set_shift
 .text          0x000000000012d058       0xb8 E:/nightly/rwsdk.sky/rwsdk/lib/sky2/librtpng.a(pngwio.obj)
                0x000000000012d058                png_set_write_fn
                0x000000000012d0e8                png_flush
                0x000000000012d0b0                png_write_data
 .text          0x000000000012d110     0x1c80 E:/nightly/rwsdk.sky/rwsdk/lib/sky2/librtpng.a(pngwrite.obj)
                0x000000000012eb10                png_set_write_status_fn
                0x000000000012e9d8                png_set_compression_level
                0x000000000012d940                png_create_write_struct_2
                0x000000000012ed08                png_write_init_2
                0x000000000012e9f0                png_set_compression_mem_level
                0x000000000012e7a8                png_write_rows
                0x000000000012ea20                png_set_compression_window_bits
                0x000000000012e698                png_set_flush
                0x000000000012e670                png_create_write_struct
                0x000000000012d110                png_write_info_before_PLTE
                0x000000000012dca0                png_write_row
                0x000000000012d398                png_write_info
                0x000000000012db50                png_write_init_3
                0x000000000012d740                png_write_end
                0x000000000012eb30                png_write_png
                0x000000000012e068                png_set_filter
                0x000000000012eb18                png_set_write_user_transform_fn
                0x000000000012df00                png_write_destroy
                0x000000000012e850                png_write_image
                0x000000000012eab8                png_set_compression_method
                0x000000000012e290                png_set_filter_heuristics
                0x000000000012e6b0                png_write_flush
                0x000000000012ea08                png_set_compression_strategy
                0x000000000012e900                png_destroy_write_struct
                0x000000000012ece0                png_write_init
 .text          0x000000000012ed90      0xb0c E:/nightly/rwsdk.sky/rwsdk/lib/sky2/librtpng.a(pngwtran.obj)
                0x000000000012ef00                png_do_pack
                0x000000000012f6a0                png_do_write_invert_alpha
                0x000000000012f100                png_do_shift
                0x000000000012ed90                png_do_write_transformations
                0x000000000012f4a0                png_do_write_swap_alpha
 *fill*         0x000000000012f89c 0x303db800000004
 .text          0x000000000012f8a0     0x4d58 E:/nightly/rwsdk.sky/rwsdk/lib/sky2/librtpng.a(pngwutil.obj)
                0x0000000000134080                png_write_gAMA_fixed
                0x00000000001301f0                png_write_iCCP
                0x00000000001314d8                png_check_keyword
                0x0000000000134108                png_write_sRGB
                0x000000000012fbd8                png_write_IHDR
                0x0000000000131788                png_write_tEXt
                0x0000000000133db0                png_write_chunk_end
                0x0000000000130918                png_write_cHRM
                0x0000000000133e50                png_save_int_32
                0x0000000000130ed8                png_write_cHRM_fixed
                0x00000000001321f0                png_write_start_row
                0x0000000000131960                png_write_zTXt
                0x0000000000130000                png_write_PLTE
                0x0000000000131228                png_write_bKGD
                0x00000000001307d8                png_write_sBIT
                0x00000000001344b8                png_write_filtered_row
                0x00000000001304f8                png_write_sPLT
                0x0000000000132a30                png_write_find_filter
                0x0000000000133f08                png_write_IDAT
                0x0000000000133e90                png_save_uint_16
                0x0000000000133e10                png_save_uint_32
                0x0000000000133d50                png_write_chunk_data
                0x0000000000133c48                png_write_chunk
                0x0000000000133ca8                png_write_chunk_start
                0x0000000000131360                png_write_hIST
                0x00000000001323d0                png_write_finish_row
                0x0000000000133f78                png_write_IEND
                0x0000000000131ca0                png_write_pCAL
                0x0000000000132038                png_write_sCAL_s
                0x00000000001342b8                png_write_oFFs
                0x0000000000133fd0                png_write_gAMA
                0x0000000000132698                png_do_write_interlace
                0x00000000001343b8                png_write_pHYs
                0x0000000000133ea0                png_write_sig
                0x0000000000134178                png_write_tRNS
 .text          0x00000000001345f8     0x2458 E:/nightly/rwsdk.sky/rwsdk/lib/sky2/librtpng.a(deflate.obj)
                0x0000000000134a18                deflate
                0x00000000001348b0                deflateSetDictionary
                0x0000000000136978                deflateInit_
                0x00000000001345f8                deflateInit2_
                0x00000000001367b8                deflateReset
                0x0000000000134f80                deflateCopy
                0x0000000000136868                deflateParams
                0x00000000001366d0                deflateEnd
 .text          0x0000000000136a50     0x24d0 E:/nightly/rwsdk.sky/rwsdk/lib/sky2/librtpng.a(trees.obj)
                0x0000000000137f68                _tr_flush_block
                0x0000000000138a30                _tr_stored_block
                0x00000000001389c0                _tr_init
                0x00000000001383b8                _tr_tally
                0x0000000000137c90                _tr_align
 .text          0x0000000000138f20       0x6c E:/nightly/rwsdk.sky/rwsdk/lib/sky2/librtpng.a(zutil.obj)
                0x0000000000138f20                zlibVersion
                0x0000000000138f70                zcfree
                0x0000000000138f30                zError
                0x0000000000138f50                zcalloc
 *fill*         0x0000000000138f8c 0x303db800000004
 .text          0x0000000000138f90      0xa40 E:/nightly/rwsdk.sky/rwsdk/lib/sky2/librtpng.a(inflate.obj)
                0x0000000000139160                inflate
                0x0000000000139990                inflateSyncPoint
                0x0000000000139968                inflateInit_
                0x0000000000139908                inflateReset
                0x0000000000139668                inflateSync
                0x0000000000139838                inflateSetDictionary
                0x00000000001397c8                inflateEnd
                0x0000000000138f90                inflateInit2_
 .text          0x00000000001399d0     0x1000 E:/nightly/rwsdk.sky/rwsdk/lib/sky2/librtpng.a(infblock.obj)
                0x000000000013a8a0                inflate_blocks_free
                0x0000000000139ad8                inflate_blocks
                0x000000000013a7f0                inflate_blocks_reset
                0x000000000013a9c0                inflate_blocks_sync_point
                0x000000000013a978                inflate_set_dictionary
                0x00000000001399d0                inflate_blocks_new
 .text          0x000000000013a9d0      0xb20 E:/nightly/rwsdk.sky/rwsdk/lib/sky2/librtpng.a(inftrees.obj)
                0x000000000013b4c0                inflate_trees_fixed
                0x000000000013b1d0                inflate_trees_bits
                0x000000000013b2d0                inflate_trees_dynamic
 .text          0x000000000013b4f0      0x928 E:/nightly/rwsdk.sky/rwsdk/lib/sky2/librtpng.a(infcodes.obj)
                0x000000000013bd80                inflate_codes_new
                0x000000000013b4f0                inflate_codes
                0x000000000013bdf0                inflate_codes_free
 .text          0x000000000013be18      0x180 E:/nightly/rwsdk.sky/rwsdk/lib/sky2/librtpng.a(infutil.obj)
                0x000000000013be18                inflate_flush
 .text          0x000000000013bf98      0x5b8 E:/nightly/rwsdk.sky/rwsdk/lib/sky2/librtpng.a(inffast.obj)
                0x000000000013bf98                inflate_fast
 .text          0x000000000013c550      0x20c E:/nightly/rwsdk.sky/rwsdk/lib/sky2/librtpng.a(crc32.obj)
                0x000000000013c550                crc32
                0x000000000013c750                get_crc_table
 *fill*         0x000000000013c75c 0x303db800000004
 .text          0x000000000013c760      0x1e4 E:/nightly/rwsdk.sky/rwsdk/lib/sky2/librtpng.a(adler32.obj)
                0x000000000013c760                adler32
 *fill*         0x000000000013c944 0x303db800000004
 .text          0x000000000013c948     0x1ed8 E:/nightly/rwsdk.sky/rwsdk/lib/sky2/librpworld.a(bageomet.obj)
                0x000000000013e568                RpGeometryTransform
                0x000000000013dfd0                RpGeometryCreateSpace
                0x000000000013e080                RpGeometryGetMorphTarget
                0x000000000013e748                RpGeometryRegisterPlugin
                0x000000000013cd20                RpGeometryRemoveMorphTarget
                0x000000000013e688                RpGeometryChunkInfoRead
                0x000000000013e1d8                RpGeometryForAllMaterials
                0x000000000013e0c8                _rpGeometryGetSurfaceProperties
                0x000000000013e1b0                RpGeometryGetVertexTexCoords
                0x000000000013df90                _rpGeometryClose
                0x000000000013e790                RpGeometryRegisterPluginStream
                0x000000000013e508                RpGeometryTriangleGetVertexIndices
                0x000000000013e1d0                RpMorphTargetGetVertexNormals
                0x000000000013e060                RpGeometryAddMorphTarget
                0x000000000013cf60                RpGeometryCreate
                0x000000000013e3f0                RpGeometryForAllMeshes
                0x000000000013e2b8                RpGeometryGetMaterial
                0x000000000013d5e0                RpGeometryStreamGetSize
                0x000000000013e268                RpGeometryLock
                0x000000000013e2d0                RpGeometryUnlock
                0x000000000013e1a0                RpGeometryGetTriangles
                0x000000000013e450                RpGeometryTriangleSetMaterial
                0x000000000013e048                _rpGeometryAddRef
                0x000000000013c948                RpMorphTargetCalcBoundingSphere
                0x000000000013e818                RpGeometryValidatePlugins
                0x000000000013cab0                RpGeometryAddMorphTargets
                0x000000000013e0f0                _rpGeometrySetSurfaceProperties
                0x000000000013d190                _rpGeometryInstance
                0x000000000013dfc0                _rpGeometryGetTKListFirstRegEntry
                0x000000000013e0c0                RpMorphTargetGetBoundingSphere
                0x000000000013da70                RpGeometryStreamRead
                0x000000000013e540                RpGeometryTriangleGetMaterial
                0x000000000013e098                RpMorphTargetSetBoundingSphere
                0x000000000013e7c8                RpGeometrySetStreamAlwaysCallBack
                0x000000000013e7f0                RpGeometryGetPluginOffset
                0x000000000013e1c8                RpMorphTargetGetVertices
                0x000000000013e438                RpGeometryTriangleSetVertexIndices
                0x000000000013d4a0                RpGeometryDestroy
                0x000000000013d6c8                RpGeometryStreamWrite
                0x000000000013e1a8                RpGeometryGetPreLightColors
                0x000000000013dfa8                _rpGeometryOpen
 .text          0x000000000013e820      0xb28 E:/nightly/rwsdk.sky/rwsdk/lib/sky2/librpworld.a(balight.obj)
                0x000000000013f050                RpLightSetRadius
                0x000000000013ead8                RpLightStreamWrite
                0x000000000013f2f0                RpLightGetPluginOffset
                0x000000000013f0a0                RpLightSetColor
                0x000000000013e820                RpLightGetConeAngle
                0x000000000013f130                RpLightStreamGetSize
                0x000000000013f290                RpLightRegisterPluginStream
                0x000000000013ec20                RpLightStreamRead
                0x000000000013f030                RpLightSetFlags
                0x000000000013f248                RpLightRegisterPlugin
                0x000000000013f098                RpLightGetColor
                0x000000000013f100                RpLightSetConeAngle
                0x000000000013eff8                RpLightSetFrame
                0x000000000013f028                RpLightGetType
                0x000000000013ef98                RpLightDestroy
                0x000000000013ee40                _rpLightClose
                0x000000000013f040                RpLightGetFlags
                0x000000000013f158                RpLightChunkInfoRead
                0x000000000013eeb8                RpLightCreate
                0x000000000013f020                RpLightGetFrame
                0x000000000013f2c8                RpLightSetStreamAlwaysCallBack
                0x000000000013f048                RpLightGetRadius
                0x000000000013edd8                _rpLightOpen
                0x000000000013f318                RpLightValidatePlugins
 .text          0x000000000013f348      0xcfc E:/nightly/rwsdk.sky/rwsdk/lib/sky2/librpworld.a(bamateri.obj)
                0x000000000013fcd0                RpMaterialDestroy
                0x000000000013fc20                RpMaterialCreate
                0x000000000013f348                RpMaterialClone
                0x000000000013fd78                RpMaterialSetTexture
                0x000000000013fe70                RpMaterialRegisterPluginStream
                0x000000000013ff00                RpMaterialStreamGetSize
                0x000000000013fde0                RpMaterialSetColor
                0x000000000013fd60                RpMaterialAddRef
                0x000000000013fef8                RpMaterialValidatePlugins
                0x000000000013f9c0                RpMaterialStreamWrite
                0x000000000013fe00                RpMaterialSetSurfaceProperties
                0x000000000013fdd8                RpMaterialGetTexture
                0x000000000013fb08                _rpMaterialClose
                0x000000000013fe28                RpMaterialRegisterPlugin
                0x000000000013fed0                RpMaterialGetPluginOffset
                0x000000000013f608                RpMaterialStreamRead
                0x000000000013fdf8                RpMaterialGetColor
                0x000000000013ff58                RpMaterialChunkInfoRead
                0x000000000013fe20                RpMaterialGetSurfaceProperties
                0x000000000013fea8                RpMaterialSetStreamAlwaysCallBack
                0x000000000013fbd8                _rpMaterialSetDefaultSurfaceProperties
                0x000000000013fb70                _rpMaterialOpen
 *fill*         0x0000000000140044 0x303db800000004
 .text          0x0000000000140048      0xc40 E:/nightly/rwsdk.sky/rwsdk/lib/sky2/librpworld.a(bamatlst.obj)
                0x0000000000140b80                _rpMaterialListFindMaterialIndex
                0x0000000000140048                _rpMaterialListCopy
                0x00000000001409c0                _rpMaterialListDeinitialize
                0x0000000000140298                _rpMaterialListStreamWrite
                0x0000000000140ac8                _rpMaterialListSetSize
                0x00000000001409a8                _rpMaterialListInitialize
                0x0000000000140bc0                _rpMaterialListStreamGetSize
                0x0000000000140a88                _rpMaterialListAlloc
                0x00000000001404d0                _rpMaterialListStreamRead
                0x0000000000140190                _rpMaterialListAppendMaterial
                0x0000000000140ab0                _rpMaterialListGetMaterial
 .text          0x0000000000140c88      0x904 E:/nightly/rwsdk.sky/rwsdk/lib/sky2/librpworld.a(bamesh.obj)
                0x0000000000141278                RpMeshHeaderGetPrimType
                0x0000000000141298                RpMeshHeaderSetPrimType
                0x0000000000141568                _rpMeshHeaderCreate
                0x0000000000140d60                _rpMeshRead
                0x0000000000140f88                _rpMeshGetNextSerialNumber
                0x0000000000141108                _rpMeshDestroy
                0x00000000001412d8                _rpMeshHeaderForAllMeshes
                0x00000000001410a8                _rpBuildMeshDestroy
                0x0000000000141368                _rpMeshWrite
                0x0000000000141540                _rpMeshHeaderDestroy
                0x0000000000140f38                _rpMeshClose
                0x0000000000141520                _rpMeshSize
                0x0000000000140c88                _rpMeshOpen
                0x0000000000141160                _rpBuildMeshAddTriangle
                0x0000000000140fb0                _rpBuildMeshCreate
 *fill*         0x000000000014158c 0x303db800000004
 .text          0x0000000000141590     0x38c4 E:/nightly/rwsdk.sky/rwsdk/lib/sky2/librpworld.a(bameshop.obj)
                0x0000000000144cf8                RpBuildMeshGenerateDefaultIgnoreWindingTriStrip
                0x0000000000144d90                RpMeshGetTriStripMethod
                0x0000000000144db8                _rpMeshOptimise
                0x0000000000144b90                RpBuildMeshGenerateTrivialTriStrip
                0x0000000000144cd8                RpBuildMeshGenerateExhaustiveTriStrip
                0x0000000000144d38                RpBuildMeshGenerateExhaustiveIgnoreWindingTriStrip
                0x0000000000144c98                RpBuildMeshGenerateDefaultTriStrip
                0x0000000000144d58                RpMeshSetTriStripMethod
                0x0000000000144848                _rpTriListMeshGenerate
                0x0000000000144cb8                RpBuildMeshGeneratePreprocessTriStrip
                0x0000000000144d18                RpBuildMeshGeneratePreprocessIgnoreWindingTriStrip
 *fill*         0x0000000000144e54 0x303db800000004
 .text          0x0000000000144e58      0x2f0 E:/nightly/rwsdk.sky/rwsdk/lib/sky2/librpworld.a(basector.obj)
                0x0000000000145118                RpWorldSectorGetPluginOffset
                0x0000000000145020                RpWorldSectorForAllMeshes
                0x0000000000145068                RpWorldSectorGetBBox
                0x0000000000144ff0                RpWorldSectorGetNumVertices
                0x0000000000144fb8                _rpSectorOpen
                0x0000000000145070                RpWorldSectorRegisterPlugin
                0x0000000000145140                RpWorldSectorValidatePlugins
                0x00000000001450b8                RpWorldSectorRegisterPluginStream
                0x0000000000144e58                _rpWorldSectorInstancePolygon
                0x0000000000144ff8                RpWorldSectorRender
                0x0000000000144fd0                _rpSectorClose
                0x00000000001450f0                RpWorldSectorSetStreamAlwaysCallBack
                0x0000000000144fe8                RpWorldSectorGetNumPolygons
 .text          0x0000000000145148     0x1770 E:/nightly/rwsdk.sky/rwsdk/lib/sky2/librpworld.a(baworld.obj)
                0x0000000000145de0                _rpWorldForAllGlobalLights
                0x0000000000146520                RpWorldSetFlags
                0x0000000000146588                RpWorldRegisterPlugin
                0x0000000000146608                RpWorldSetStreamAlwaysCallBack
                0x0000000000145f48                RpWorldLock
                0x00000000001465d0                RpWorldRegisterPluginStream
                0x0000000000146070                _rpWorldUnregisterWorld
                0x0000000000145620                RpWorldDestroy
                0x0000000000146448                RpWorldGetSectorRenderCallBack
                0x00000000001463e0                RpWorldGetNumMaterials
                0x0000000000145e60                _rpWorldSectorForAllLocalLights
                0x0000000000146450                RpWorldSectorGetWorld
                0x00000000001463f8                RpWorldGetOrigin
                0x0000000000146210                RpWorldForAllLights
                0x00000000001462d0                RpWorldForAllWorldSectors
                0x0000000000146180                RpWorldForAllMaterials
                0x0000000000145d58                _rpCollSectorFindSize
                0x00000000001454a0                RpWorldUnlock
                0x0000000000145c98                _rpWorldFindBBox
                0x0000000000146658                RpWorldValidatePlugins
                0x00000000001463b0                RpWorldSetRenderOrder
                0x0000000000145fe8                _rpWorldRegisterWorld
                0x00000000001463c0                RpWorldGetRenderOrder
                0x0000000000146530                RpWorldGetFlags
                0x0000000000146370                RpWorldRender
                0x0000000000146630                RpWorldGetPluginOffset
                0x00000000001460f8                RpWorldForAllClumps
                0x0000000000146538                RpWorldWorldSectorInstancePolygon
                0x0000000000145b58                RpWorldPluginAttach
                0x0000000000146428                RpWorldSetSectorRenderCallBack
                0x00000000001463e8                RpWorldGetNumClumps
                0x0000000000145870                RpWorldCreate
                0x00000000001463f0                RpWorldGetBBox
                0x0000000000146400                _rpWorldSetSurfaceProperties
                0x00000000001463c8                RpWorldGetMaterial
                0x0000000000146420                _rpWorldGetSurfaceProperties
                0x0000000000145ee0                _rpSectorDefaultRenderCallBack
 .text          0x00000000001468b8     0x20d0 E:/nightly/rwsdk.sky/rwsdk/lib/sky2/librpworld.a(baworobj.obj)
                0x0000000000147b40                RpWorldRemoveLight
                0x0000000000147a88                RpClumpGetWorld
                0x00000000001472d8                RpWorldSectorForAllAtomics
                0x0000000000147eb8                RpWorldSectorForAllCollisionAtomics
                0x00000000001477b0                RwCameraGetWorld
                0x00000000001479d0                RpWorldRemoveClump
                0x0000000000147530                RwCameraForAllClumpsInFrustum
                0x00000000001478f0                RpAtomicGetWorld
                0x00000000001478a8                RpWorldAddAtomic
                0x0000000000147760                RpWorldAddCamera
                0x0000000000147c18                RpLightGetWorld
                0x0000000000147c28                RwCameraForAllClumpsNotInFrustum
                0x0000000000147e40                RpAtomicForAllWorldSectors
                0x0000000000147d08                RwCameraForAllSectorsInFrustum
                0x00000000001476f0                RpWorldRemoveCamera
                0x0000000000147118                _rpWorldObjRegisterExtensions
                0x0000000000147f78                _rpTieDestroy
                0x0000000000147d88                RpLightForAllWorldSectors
                0x0000000000148000                _rpLightTieDestroy
                0x0000000000147900                RpWorldAddClump
                0x00000000001473f8                RpWorldSectorForAllLights
                0x0000000000147a98                RpWorldAddLight
                0x00000000001477c0                RpWorldRemoveAtomic
 .text          0x0000000000148988     0x1230 E:/nightly/rwsdk.sky/rwsdk/lib/sky2/librpworld.a(bapipew.obj)
                0x0000000000149a08                RpAtomicGetInstancePipeline
                0x0000000000149aa8                RpMaterialGetDefaultRenderPipeline
                0x00000000001498b0                RpWorldSectorSetInstancePipeline
                0x0000000000149b18                RpMaterialGetRenderPipeline
                0x00000000001497a0                _rpWorldPipeAttach
                0x0000000000149a70                RpMaterialSetDefaultRenderPipeline
                0x0000000000149968                RpAtomicGetDefaultInstancePipeline
                0x0000000000149980                RpAtomicSetDefaultInstancePipeline
                0x0000000000149ac0                RpMaterialSetRenderPipeline
                0x0000000000149a58                RpMaterialGetGenericRenderPipeline
                0x00000000001494f0                _rpWorldPipelineOpen
                0x00000000001499b8                RpAtomicSetInstancePipeline
                0x0000000000148988                RpGeometryIsCorrectlySorted
                0x00000000001497c0                RpWorldSetDefaultSectorInstancePipeline
                0x0000000000149810                RpWorldSetSectorInstancePipeline
                0x0000000000149860                RpWorldGetSectorInstancePipeline
                0x00000000001497f8                RpWorldGetDefaultSectorInstancePipeline
                0x0000000000148b58                RpGeometrySortByMaterial
                0x0000000000149950                RpAtomicGetGenericInstancePipeline
                0x0000000000149430                _rpWorldPipelineClose
                0x0000000000149900                RpWorldSectorGetInstancePipeline
                0x00000000001497a8                RpWorldGetGenericSectorInstancePipeline
 .text          0x0000000000149bb8      0x290 E:/nightly/rwsdk.sky/rwsdk/lib/sky2/librpworld.a(nodeAtomicEnumerateLights.obj)
                0x0000000000149d20                RxNodeDefinitionGetAtomicEnumerateLights
 .text          0x0000000000149e48     0x11c4 E:/nightly/rwsdk.sky/rwsdk/lib/sky2/librpworld.a(nodeAtomicInstance.obj)
                0x000000000014b000                RxNodeDefinitionGetAtomicInstance
 *fill*         0x000000000014b00c 0x303db800000004
 .text          0x000000000014b010     0x19cc E:/nightly/rwsdk.sky/rwsdk/lib/sky2/librpworld.a(nodeLight.obj)
                0x000000000014c9d0                RxNodeDefinitionGetLight
 *fill*         0x000000000014c9dc 0x303db800000004
 .text          0x000000000014c9e0      0x184 E:/nightly/rwsdk.sky/rwsdk/lib/sky2/librpworld.a(nodeMaterialScatter.obj)
                0x000000000014cb58                RxNodeDefinitionGetMaterialScatter
 *fill*         0x000000000014cb64 0x303db800000004
 .text          0x000000000014cb68      0x57c E:/nightly/rwsdk.sky/rwsdk/lib/sky2/librpworld.a(nodePostLight.obj)
                0x000000000014d0d8                RxNodeDefinitionGetPostLight
 *fill*         0x000000000014d0e4 0x303db800000004
 .text          0x000000000014d0e8      0x32c E:/nightly/rwsdk.sky/rwsdk/lib/sky2/librpworld.a(nodePreLight.obj)
                0x000000000014d408                RxNodeDefinitionGetPreLight
 *fill*         0x000000000014d414 0x303db800000004
 .text          0x000000000014d418      0x1b4 E:/nightly/rwsdk.sky/rwsdk/lib/sky2/librpworld.a(nodeWorldSectorEnumerateLights.obj)
                0x000000000014d548                RxNodeDefinitionGetWorldSectorEnumerateLights
 *fill*         0x000000000014d5cc 0x303db800000004
 .text          0x000000000014d5d0     0x1054 E:/nightly/rwsdk.sky/rwsdk/lib/sky2/librpworld.a(nodeWorldSectorInstance.obj)
                0x000000000014e618                RxNodeDefinitionGetWorldSectorInstance
 *fill*         0x000000000014e624 0x303db800000004
 .text          0x000000000014e628     0x1534 E:/nightly/rwsdk.sky/rwsdk/lib/sky2/librpworld.a(wrldpipe.obj)
                0x000000000014f858                RpWorldSectorSkyGetPS2AllPipeline
                0x000000000014f870                RpWorldSectorSkyGetPS2ManagerPipeline
                0x000000000014f498                _rpDestroyPlatformAtomicPipelines
                0x000000000014f7a8                RpMaterialSkyGetPS2AllMatPipeline
                0x000000000014f568                _rpCreatePlatformAtomicPipelines
                0x000000000014f810                RpAtomicSkyGetPS2ManagerPipeline
                0x000000000014e628                _rxWorldDevicePluginAttach
                0x000000000014f840                RpAtomicSkyGetVanillaPipeline
                0x000000000014f080                _rpCreatePlatformMaterialPipelines
                0x000000000014f828                RpAtomicSkyGetAllInOnePipeline
                0x000000000014f888                RpWorldSectorSkyGetAllInOnePipeline
                0x000000000014f1a0                _rpDestroyPlatformWorldSectorPipelines
                0x000000000014f7d8                RpMaterialSkySetDefaultPS2AllMatPipeline
                0x000000000014f7f8                RpAtomicSkyGetPS2AllPipeline
                0x000000000014f8a0                RpWorldSectorSkyGetVanillaPipeline
                0x000000000014f270                _rpCreatePlatformWorldSectorPipelines
                0x000000000014f8b8                _rpDestroyPlatformMaterialPipelines
                0x000000000014f7c0                RpMaterialSkyGetDefaultPS2AllMatPipeline
 *fill*         0x000000000014fb5c 0x303db800000004
 .text          0x000000000014fb60      0x7ac E:/nightly/rwsdk.sky/rwsdk/lib/sky2/librpworld.a(fastim3d.obj)
                0x0000000000150230                RwIm3DSkyGetPS2ManagerRenderPipeline
                0x0000000000150258                RwIm3DSkyGetPS2ManagerTransformPipeline
                0x0000000000150298                RwIm3DSkyGetPS2AllMatPipeline
                0x0000000000150160                _rwfastIm3DPipesClose
                0x0000000000150270                RwIm3DSkyGetPS2AllRenderPipeline
                0x000000000014fed0                _rwfastIm3DPipesOpen
 *fill*         0x000000000015030c 0x303db800000004
 .text          0x0000000000150310      0x564 E:/nightly/rwsdk.sky/rwsdk/lib/sky2/librpworld.a(native.obj)
                0x0000000000150310                _rpGeometryNativeWrite
                0x0000000000150810                _rpGeometryNativeSize
                0x0000000000150590                _rpGeometryNativeRead
 *fill*         0x0000000000150874 0x303db800000004
 .text          0x0000000000150878      0x734 E:/nightly/rwsdk.sky/rwsdk/lib/sky2/librpworld.a(nodeps2all.obj)
                0x0000000000150ed0                RxPipelineNodePS2AllSetCallBack
                0x0000000000150f28                RxPipelineNodePS2AllGroupMeshes
                0x0000000000150ec0                RxNodeDefinitionGetPS2All
 *fill*         0x0000000000150fac 0x303db800000004
 .text          0x0000000000150fb0      0xae8 E:/nightly/rwsdk.sky/rwsdk/lib/sky2/librpworld.a(ps2allmat.obj)
                0x0000000000151910                RxPipelineNodePS2AllMatGetVU1CodeArray
                0x0000000000151640                RxPipelineNodePS2AllMatSetVUBufferSizes
                0x0000000000151770                RxPipelineNodePS2AllMatSetPointListVUBufferSize
                0x0000000000151418                RxPipelineNodePS2AllMatGenerateCluster
                0x0000000000151630                RxNodeDefinitionGetPS2AllMat
                0x0000000000151870                RxPipelineNodePS2AllMatGetVUBatchSize
                0x00000000001518c0                RxPipelineNodePS2AllMatSetVU1CodeArray
                0x0000000000151890                RxPipelineNodePS2AllMatSetVIFOffset
                0x0000000000151958                RxPipelineNodePS2AllMatSetCallBack
 .text          0x0000000000151a98      0x478 E:/nightly/rwsdk.sky/rwsdk/lib/sky2/librpworld.a(objallinone.obj)
                0x0000000000151a98                PS2AllSkyWorldApplyLight
 .text          0x0000000000151f10     0x1a30 E:/nightly/rwsdk.sky/rwsdk/lib/sky2/librpworld.a(matinstance.obj)
                0x00000000001538c8                RpMeshPS2AllTestMeshIDFunc
                0x0000000000151f10                _rwPS2AllRabinsConstructionTimeCode
                0x0000000000152a10                DMADataSizeRecalc
                0x00000000001530a0                DMADataFillTags
                0x0000000000153860                RpMeshPS2AllTestNumVertsFunc
                0x0000000000153900                reDestroyCallBack
 .text          0x0000000000153940     0x1268 E:/nightly/rwsdk.sky/rwsdk/lib/sky2/librpworld.a(ps2allim3d.obj)
                0x0000000000154a70                RwIm3DPS2AllPostMeshCallBack
                0x0000000000154aa0                RwIm3DPS2AllObjInstanceTestFunc
                0x0000000000154b18                RwIm3DPS2AllResEntryAllocFunc
                0x0000000000153940                RwIm3DPS2AllGetMeshHeaderMeshCacheFunc
                0x0000000000154a50                RwIm3DPS2AllInstanceCallBack
                0x00000000001544f8                RwIm3DPS2AllInstance
                0x0000000000154b90                RwIm3DPS2AllGatherMeshMetricsFunc
                0x0000000000153bd8                RwIm3DPS2AllBridgeCallBack
                0x0000000000153a80                RwIm3DPS2AllObjectSetupCallBack
                0x0000000000154318                RwIm3DPS2AllIm3DPostMeshCallBack
                0x0000000000154af0                RwIm3DPS2AllFrustumTestFunc
                0x0000000000153ff8                RwIm3DPS2AllIm3DPreMeshCallBack
                0x0000000000154b98                RwIm3DPS2AllMeshEndFunc
                0x0000000000154a98                RwIm3DPS2AllGatherObjMetricsFunc
                0x00000000001549d8                RwIm3DPS2AllResEntryAllocCallBack
                0x0000000000154a88                RwIm3DPS2AllMeshSplitCallBack
                0x0000000000154ab0                RwIm3DPS2AllTransformSetupFunc
 .text          0x0000000000154ba8     0x20b8 E:/nightly/rwsdk.sky/rwsdk/lib/sky2/librpworld.a(ps2allatomic.obj)
                0x0000000000154cc0                RpAtomicPS2AllLightingSetupFunc
                0x0000000000156bc8                RpAtomicPS2AllFinalizeFunc
                0x0000000000156c58                RpMeshPS2AllGatherMeshMetricsFunc
                0x0000000000156808                RpAtomicPS2AllObjectFinalizeCallBack
                0x0000000000156830                RpAtomicPS2AllDoApplyLight
                0x00000000001568e8                RpAtomicPS2AllGetMeshHeaderMeshCacheFunc
                0x0000000000156998                RpAtomicPS2AllTransformSetupFunc
                0x0000000000156960                RpAtomicPS2AllMorphSetupFunc
                0x00000000001557b8                RpAtomicPS2AllInstance
                0x0000000000156738                RpMeshPS2AllResEntryAllocCallBack
                0x0000000000156800                RpMeshPS2AllPostMeshCallBack
                0x0000000000156878                RpAtomicPS2AllDoApplyLightFrame
                0x0000000000156698                RpMeshPS2AllMeshInstanceTestCallBack
                0x0000000000154ba8                RpAtomicPS2AllObjInstanceTestFunc
                0x00000000001569d8                RpAtomicPS2AllFrustumTestFunc
                0x0000000000156bb0                RpAtomicPS2AllMatModulateSetupFunc
                0x00000000001567b8                RpMeshPS2AllInstanceCallBack
                0x0000000000156958                RpAtomicPS2AllGatherObjMetricsFunc
                0x0000000000156ac8                RpAtomicPS2AllPrimTypeTransTypeSetupFunc
                0x00000000001550b8                RpMeshPS2AllBridgeCallBack
                0x0000000000154dd8                RpAtomicPS2AllObjectSetupCallBack
                0x0000000000156be8                RpAtomicPS2AllResEntryAllocFunc
 .text          0x0000000000156c60      0xec4 E:/nightly/rwsdk.sky/rwsdk/lib/sky2/librpworld.a(ps2allsector.obj)
                0x0000000000157958                RpWorldSectorPS2AllTransformSetupFunc
                0x0000000000157a48                RpWorldSectorPS2AllMatModulateSetupFunc
                0x00000000001578d8                RpWorldSectorPS2AllObjInstanceTestFunc
                0x0000000000157a80                RpWorldSectorPS2AllLightingSetupFunc
                0x0000000000157890                RpWorldSectorPS2AllGetMeshHeaderMeshCacheFunc
                0x0000000000157840                RpWorldSectorPS2AllDoApplyLight
                0x00000000001578d0                RpWorldSectorPS2AllGatherObjMetricsFunc
                0x0000000000157970                RpWorldSectorPS2AllFrustumTestFunc
                0x0000000000157af0                RpWorldSectorPS2AllResEntryAllocFunc
                0x0000000000156c60                RpWorldSectorPS2AllObjectSetupCallBack
                0x0000000000156f58                RpWorldSectorPS2AllInstance
 *fill*         0x0000000000157b24 0x303db800000004
 .text          0x0000000000157b28     0x1b30 E:/nightly/rwsdk.sky/rwsdk/lib/sky2/librpworld.a(babinwor.obj)
                0x00000000001593f0                RpWorldSectorChunkInfoRead
                0x0000000000158b90                RpWorldStreamWrite
                0x00000000001593c0                _rpBinaryWorldOpen
                0x00000000001593d8                _rpBinaryWorldClose
                0x0000000000158e40                RpWorldStreamRead
                0x0000000000158a80                RpWorldStreamGetSize
                0x0000000000159590                RpWorldChunkInfoRead
                0x00000000001594b8                RpPlaneSectorChunkInfoRead
 .text          0x0000000000159658     0x2ab4 E:/nightly/rwsdk.sky/rwsdk/lib/sky2/librpworld.a(baclump.obj)
                0x000000000015bd90                RpAtomicRegisterPlugin
                0x000000000015b728                RpClumpCreate
                0x000000000015a198                RpAtomicCreate
                0x000000000015b300                _rpClumpClose
                0x000000000015b618                RpClumpRemoveAtomic
                0x000000000015bdd8                RpClumpRegisterPlugin
                0x000000000015a060                RpAtomicGetWorldBoundingSphere
                0x000000000015be80                RpClumpRegisterPluginStream
                0x000000000015bbf8                RpAtomicStreamGetSize
                0x000000000015a2a8                RpClumpStreamGetSize
                0x000000000015bac8                RpAtomicSetGeometry
                0x000000000015bbb0                RpClumpGetCallBack
                0x000000000015b3f8                RpClumpForAllAtomics
                0x000000000015bb90                RpClumpSetCallBack
                0x000000000015b598                RpClumpRender
                0x000000000015b7c0                RpClumpClone
                0x000000000015bbc8                RpClumpGetNumAtomics
                0x000000000015be58                RpAtomicSetStreamAlwaysCallBack
                0x000000000015bee0                RpAtomicGetPluginOffset
                0x000000000015b470                RpAtomicSetFrame
                0x000000000015b960                RpAtomicClone
                0x000000000015beb8                RpClumpSetStreamAlwaysCallBack
                0x000000000015b3a8                AtomicDefaultRenderCallBack
                0x000000000015bf38                RpClumpValidatePlugins
                0x000000000015b670                RpClumpDestroy
                0x000000000015bf08                RpClumpGetPluginOffset
                0x000000000015b640                RpClumpAddAtomic
                0x000000000015a578                RpClumpStreamWrite
                0x000000000015b4a8                RpClumpCreateSpace
                0x000000000015bf30                RpAtomicValidatePlugins
                0x0000000000159ef0                _rpAtomicResyncInterpolatedSphere
                0x000000000015be20                RpAtomicRegisterPluginStream
                0x000000000015bcb0                RpAtomicStreamWrite
                0x000000000015bce0                RpClumpChunkInfoRead
                0x000000000015a8e8                RpClumpStreamRead
                0x000000000015bc48                RpAtomicStreamRead
                0x000000000015b258                _rpClumpOpen
                0x000000000015b8b0                RpAtomicDestroy
 *fill*         0x000000000015c10c 0x303db800000004
 .text          0x000000000015c110      0x1e0 E:/nightly/rwsdk.sky/rwsdk/lib/sky2/librpworld.a(matputil.obj)
                0x000000000015c1d0                rpObjectGetMeshCache
                0x000000000015c110                rpObjectDestroyMeshCache
 .text          0x000000000015c2f0     0x1c94 E:/nightly/rwsdk.sky/rwsdk/lib/sky2/librpworld.a(nodeps2manager.obj)
                0x000000000015de60                RxPipelineNodePS2ManagerSetPointListVUBufferSize
                0x000000000015d360                RxPipelineNodePS2ManagerSetVU1CodeArray
                0x000000000015db28                RxPipelineNodePS2ManagerNoTexture
                0x000000000015de40                RxPipelineNodePS2ManagerSetVUBufferSizes
                0x000000000015def0                RxPipelineNodePS2ManagerGetVUBatchSize
                0x000000000015df58                RxPipelineNodePS2ManagerSetPostObjectCallBack
                0x000000000015de80                RxPipelineNodePS2ManagerGenerateCluster
                0x000000000015df28                RxPipelineNodePS2ManagerSetInstanceCallBack
                0x000000000015ddc0                RxNodeDefinitionGetPS2Manager
                0x000000000015de20                RxPipelineNodePS2ManagerSetLighting
                0x000000000015d890                RxPipelineNodePS2ManagerSetVIFOffset
                0x000000000015d5f8                RxPipelineNodePS2ManagerGetVU1CodeArray
 *fill*         0x000000000015df84 0x303db800000004
 .text          0x000000000015df88      0xa04 E:/nightly/rwsdk.sky/rwsdk/lib/sky2/librpworld.a(nodeps2matbridge.obj)
                0x000000000015e040                _rwRabinsBridgeNodeCode
                0x000000000015e860                RxNodeDefinitionGetPS2MatBridge
                0x000000000015e948                _rwPS2MatBridgePipelineNodeInit
                0x000000000015e918                RxPipelineNodePS2MatBridgeNoTexture
                0x000000000015e8e8                RxPipelineNodePS2MatBridgeSetVIFOffset
                0x000000000015e870                RxPipelineNodePS2MatBridgeSetVU1CodeArray
                0x000000000015e8a8                RxPipelineNodePS2MatBridgeGetVU1CodeArray
 *fill*         0x000000000015e98c 0x303db800000004
 .text          0x000000000015e990     0x48c0 E:/nightly/rwsdk.sky/rwsdk/lib/sky2/librpworld.a(nodeps2matinstance.obj)
                0x0000000000163128                RxPS2MatInstanceSetPointListVUBufferSize
                0x0000000000162d80                RxPipelineNodePS2MatInstanceGenerateCluster
                0x0000000000163020                RxPS2MatInstanceSetVUBufferSizes
                0x0000000000161050                _rwRabinsMatInstanceCode
                0x0000000000163210                reDestroyCallback
                0x00000000001626e8                _rwPS2MatInstancePipelineNodeInit
                0x0000000000163010                RxNodeDefinitionGetPS2MatInstance
 .text          0x0000000000163250     0x11b0 E:/nightly/rwsdk.sky/rwsdk/lib/sky2/librpworld.a(nodeps2objallinone.obj)
                0x0000000000164080                _rwPS2ObjAllInOnePipelineNodeInit
                0x0000000000164020                RxNodeDefinitionGetPS2ObjAllInOne
                0x00000000001636c8                _rwRabinsObjAllInOneCode
                0x0000000000164070                RxPS2ObjAllInOneSetLighting
                0x0000000000163b48                _rwIm3DObjAllInOneCode
                0x0000000000164170                _rxWorldLightingDefaultCallback
                0x0000000000164060                RxPS2ObjAllInOneSetGrouping
                0x00000000001640a0                _rwInitMeshPacket
 .text          0x0000000000164400      0x260 E:/nightly/rwsdk.sky/rwsdk/lib/sky2/librwcore.a(babbox.obj)
                0x0000000000164400                RwBBoxCalculate
                0x00000000001645c8                RwBBoxContainsPoint
                0x00000000001644f0                RwBBoxInitialize
                0x0000000000164528                RwBBoxAddPoint
 .text          0x0000000000164660      0x6b4 E:/nightly/rwsdk.sky/rwsdk/lib/sky2/librwcore.a(babinary.obj)
                0x0000000000164b00                RwMemRealToFloat32
                0x0000000000164b50                RwMemFloat32ToReal
                0x0000000000164af0                RwMemNative16
                0x0000000000164a90                RwStreamReadInt16
                0x0000000000164af8                RwMemNative32
                0x0000000000164ba0                RwStreamReadChunkHeaderInfo
                0x0000000000164ae8                RwMemLittleEndian32
                0x0000000000164810                _rwStreamWriteVersionedChunkHeader
                0x0000000000164940                RwStreamWriteInt32
                0x0000000000164ae0                RwMemLittleEndian16
                0x0000000000164990                RwStreamReadReal
                0x0000000000164a40                RwStreamReadInt32
                0x0000000000164858                RwStreamWriteReal
                0x0000000000164c68                _rwStreamReadChunkHeader
                0x00000000001646a8                RwStreamFindChunk
                0x0000000000164968                RwStreamWriteInt16
 *fill*         0x0000000000164d14 0x303db800000004
 .text          0x0000000000164d18      0x8e0 E:/nightly/rwsdk.sky/rwsdk/lib/sky2/librwcore.a(babinfrm.obj)
                0x00000000001654c8                _rwFrameListDeinitialize
                0x0000000000165508                _rwFrameListStreamGetSize
                0x0000000000165388                RwFrameSetStreamAlwaysCallBack
                0x0000000000164d18                _rwFrameListStreamWrite
                0x0000000000165488                _rwFrameListFindFrame
                0x0000000000165000                _rwFrameListStreamRead
                0x00000000001653b0                _rwFrameListInitialize
                0x0000000000165350                RwFrameRegisterPluginStream
 .text          0x00000000001655f8     0x1120 E:/nightly/rwsdk.sky/rwsdk/lib/sky2/librwcore.a(babintex.obj)
                0x00000000001655f8                _rwStringStreamFindAndRead
                0x00000000001664a0                RwTexDictionaryRegisterPluginStream
                0x0000000000165f30                RwTexDictionaryStreamRead
                0x00000000001663c8                RwTextureChunkInfoRead
                0x0000000000165ba8                RwTextureStreamRead
                0x0000000000166500                RwTexDictionaryStreamGetSize
                0x00000000001662c0                RwTextureRegisterPluginStream
                0x00000000001664d8                RwTexDictionarySetStreamAlwaysCallBack
                0x0000000000165960                RwTextureStreamWrite
                0x00000000001662f8                RwTextureSetStreamAlwaysCallBack
                0x00000000001661c8                _rwStringDestroy
                0x0000000000166228                _rwStringStreamWrite
                0x0000000000166320                RwTextureStreamGetSize
                0x0000000000165de8                RwTexDictionaryStreamWrite
                0x00000000001661f0                _rwStringStreamGetSize
 .text          0x0000000000166718     0x1d00 E:/nightly/rwsdk.sky/rwsdk/lib/sky2/librwcore.a(bacamera.obj)
                0x0000000000168100                RwCameraGetFarClipPlane
                0x0000000000167e10                RwCameraGetViewWindow
                0x0000000000167d40                RwCameraSetZRaster
                0x0000000000168190                RwCameraValidatePlugins
                0x0000000000168168                RwCameraGetPluginOffset
                0x0000000000168108                RwCameraSetFogDistance
                0x0000000000167cf8                RwCameraSetFrame
                0x0000000000167c98                RwCameraDestroy
                0x0000000000168288                _rwCameraOpen
                0x0000000000167f40                RwCameraGetViewMatrix
                0x0000000000168198                RwCameraFrustumTestSphere
                0x0000000000168028                RwCameraSetFarClipPlane
                0x0000000000167c68                RwCameraShowRaster
                0x0000000000167d38                RwCameraGetRaster
                0x0000000000167e18                RwCameraSetProjection
                0x0000000000167da0                RwCameraGetViewOffset
                0x0000000000167da8                RwCameraSetViewWindow
                0x0000000000167d28                RwCameraSetRaster
                0x0000000000168220                _rwCameraClose
                0x0000000000168020                RwCameraGetNearClipPlane
                0x0000000000167f38                RwCameraGetProjection
                0x0000000000167d50                RwCameraGetZRaster
                0x0000000000167c30                RwCameraClear
                0x0000000000167d20                RwCameraGetFrame
                0x0000000000167f48                RwCameraSetNearClipPlane
                0x0000000000168120                RwCameraRegisterPlugin
                0x00000000001678f0                RwCameraCreate
                0x0000000000167c10                RwCameraEndUpdate
                0x0000000000168118                RwCameraGetFogDistance
                0x0000000000167bf0                RwCameraBeginUpdate
                0x0000000000167a80                RwCameraClone
                0x0000000000167d58                RwCameraSetViewOffset
 .text          0x0000000000168418      0xd04 E:/nightly/rwsdk.sky/rwsdk/lib/sky2/librwcore.a(badevice.obj)
                0x0000000000168b00                RwEngineClose
                0x00000000001688e8                RwEngineSetFocus
                0x0000000000168a00                RwEngineStart
                0x00000000001685e8                RwEngineGetNumSubSystems
                0x0000000000168e50                RwEngineTerm
                0x0000000000168818                RwEngineGetTextureMemorySize
                0x0000000000168880                RwEngineGetMaxTextureSize
                0x0000000000168678                RwEngineSetSubSystem
                0x0000000000168fc8                _rwDeviceSystemRequest
                0x0000000000168cd0                RwEngineInit
                0x0000000000168ea0                RwEngineGetSubSystemInfo
                0x0000000000168e28                RwEngineGetPluginOffset
                0x00000000001687b8                RwEngineSetVideoMode
                0x0000000000168750                RwEngineGetCurrentVideoMode
                0x0000000000168b88                RwEngineOpen
                0x0000000000168948                RwEngineStop
                0x0000000000168cc8                RwEngineGetVersion
                0x0000000000168638                RwEngineGetCurrentSubSystem
                0x0000000000168f48                RwEngineGetVideoModeInfo
                0x00000000001686e8                RwEngineGetNumVideoModes
                0x0000000000168de8                RwEngineRegisterPlugin
                0x00000000001690b8                _rwGetNumEngineInstances
                0x0000000000168fb8                RwEngineGetMetrics
 *fill*         0x000000000016911c 0x303db800000004
 .text          0x0000000000169120      0x12c E:/nightly/rwsdk.sky/rwsdk/lib/sky2/librwcore.a(baerr.obj)
                0x00000000001691a8                RwErrorGet
                0x0000000000169120                _rwerror
                0x00000000001691e8                RwErrorSet
                0x0000000000169160                _rwErrorOpen
                0x0000000000169190                _rwErrorClose
 *fill*         0x000000000016924c 0x303db800000004
 .text          0x0000000000169250     0x1190 E:/nightly/rwsdk.sky/rwsdk/lib/sky2/librwcore.a(baframe.obj)
                0x0000000000169d08                RwFrameInit
                0x0000000000169578                RwFrameRotate
                0x0000000000169678                RwFrameTransform
                0x0000000000169dd0                RwFrameDestroy
                0x0000000000169c18                RwFrameGetLTM
                0x0000000000169f10                RwFrameDirty
                0x0000000000169fe8                RwFrameGetPluginOffset
                0x0000000000169c10                RwFrameGetRoot
                0x0000000000169250                _rwFrameCloneAndLinkClones
                0x0000000000169e80                _rwFrameDeInit
                0x000000000016a010                RwFrameValidatePlugins
                0x0000000000169fa0                RwFrameRegisterPlugin
                0x00000000001698e0                RwFrameDestroyHierarchy
                0x000000000016a018                _rwFramePurgeClone
                0x0000000000169a10                RwFrameRemoveChild
                0x0000000000169830                RwFrameCloneHierarchy
                0x0000000000169d40                RwFrameDeInit
                0x0000000000169c58                RwFrameUpdateObjects
                0x00000000001694f8                RwFrameTranslate
                0x000000000016a0a8                _rwFrameClose
                0x0000000000169f70                RwFrameSetStaticPluginsSize
                0x00000000001696f8                RwFrameOrthoNormalize
                0x00000000001693a8                _rwFrameInit
                0x0000000000169f20                RwFrameCount
                0x0000000000169778                RwFrameSetIdentity
                0x000000000016a110                _rwFrameOpen
                0x0000000000169cb8                RwFrameCreate
                0x0000000000169480                RwFrameForAllObjects
                0x00000000001695f8                RwFrameScale
                0x00000000001699a0                RwFrameForAllChildren
                0x0000000000169af8                RwFrameAddChild
 .text          0x000000000016a3e0      0x108 E:/nightly/rwsdk.sky/rwsdk/lib/sky2/librwcore.a(bafsys.obj)
                0x000000000016a478                _rwFileSystemClose
                0x000000000016a3e0                _rwFileSystemOpen
                0x000000000016a480                RwOsGetFileInterface
 .text          0x000000000016a4e8     0x242c E:/nightly/rwsdk.sky/rwsdk/lib/sky2/librwcore.a(baimage.obj)
                0x000000000016b8e8                RwImageStreamRead
                0x000000000016c438                RwRGBASetFromPixel
                0x000000000016bb68                RwImageStreamWrite
                0x000000000016c3c0                RwImageSetPixels
                0x000000000016c5a0                RwRGBAGammaCorrect
                0x000000000016b4c0                RwImageReadMaskedImage
                0x000000000016c2d0                RwImageSetPath
                0x000000000016c5f8                RwImageRegisterPlugin
                0x000000000016c750                _rwImageGammaUnCorrectArrayOfRGBA
                0x000000000016c670                RwImageFindFileType
                0x000000000016c588                RwImageGetGamma
                0x000000000016a780                RwImageResize
                0x000000000016c1d8                RwImageWrite
                0x000000000016c3f0                RwImageGetDepth
                0x000000000016be78                RwImageCreate
                0x000000000016c470                RwImageSetGamma
                0x000000000016c6a0                RwImageStreamGetSize
                0x000000000016c400                RwImageGetPalette
                0x000000000016bf10                RwImageDestroy
                0x000000000016bc70                RwImageGammaCorrect
                0x000000000016c3f8                RwImageGetPixels
                0x000000000016c0d8                RwImageCopy
                0x000000000016b338                RwImageRegisterImageFormat
                0x000000000016bf80                RwImageAllocatePixels
                0x000000000016aab0                RwImageApplyMask
                0x000000000016c6d0                _rwImageGammaCorrectArrayOfRGBA
                0x000000000016c668                RwImageValidatePlugins
                0x000000000016c088                RwImageFreePixels
                0x000000000016c3b0                RwImageSetStride
                0x000000000016c640                RwImageGetPluginOffset
                0x000000000016c3d0                RwImageSetPalette
                0x000000000016c2b8                RwImageGetPath
                0x000000000016b210                RwImageRead
                0x000000000016a9a0                RwImageMakeMask
                0x000000000016c408                RwRGBAToPixel
                0x000000000016a4e8                _rwImageOpen
                0x000000000016c3e8                RwImageGetHeight
                0x000000000016c3e0                RwImageGetWidth
                0x000000000016a650                _rwImageClose
 *fill*         0x000000000016c914 0x303db800000004
 .text          0x000000000016c918      0x144 E:/nightly/rwsdk.sky/rwsdk/lib/sky2/librwcore.a(baimmedi.obj)
                0x000000000016c938                RwRenderStateGet
                0x000000000016ca38                RwIm2DRenderIndexedPrimitive
                0x000000000016c928                RwIm2DGetFarScreenZ
                0x000000000016c960                RwRenderStateSet
                0x000000000016c9c0                RwIm2DRenderLine
                0x000000000016c9e8                RwIm2DRenderTriangle
                0x000000000016ca10                RwIm2DRenderPrimitive
                0x000000000016c918                RwIm2DGetNearScreenZ
 *fill*         0x000000000016ca5c 0x303db800000004
 .text          0x000000000016ca60      0x41c E:/nightly/rwsdk.sky/rwsdk/lib/sky2/librwcore.a(baimras.obj)
                0x000000000016ca60                RwImageSetFromRaster
                0x000000000016cac8                RwRasterSetFromImage
                0x000000000016cdd8                RwImageFindRasterFormat
                0x000000000016cb30                RwRGBAGetRasterPixel
                0x000000000016cc48                RwRasterRead
                0x000000000016cd08                RwRasterReadMaskedRaster
 *fill*         0x000000000016ce7c 0x303db800000004
 .text          0x000000000016ce80      0x514 E:/nightly/rwsdk.sky/rwsdk/lib/sky2/librwcore.a(balist.obj)
                0x000000000016d0a0                _rwSListEmpty
                0x000000000016d318                _rwSListToArray
                0x000000000016d000                _rwSListDestroyEndEntries
                0x000000000016cfd8                _rwSListDestroyArray
                0x000000000016ce80                _rwSListCreate
                0x000000000016d0a8                _rwSListGetArray
                0x000000000016d0c8                _rwSListGetEntry
                0x000000000016d1e8                _rwSListGetNewEntries
                0x000000000016d0e0                _rwSListGetNewEntry
                0x000000000016d010                _rwSListDestroyEntry
                0x000000000016cf70                _rwSListDestroy
                0x000000000016d308                _rwSListGetNumEntries
                0x000000000016d310                _rwSListReleaseArray
 *fill*         0x000000000016d394 0x303db800000004
 .text          0x000000000016d398     0x1f98 E:/nightly/rwsdk.sky/rwsdk/lib/sky2/librwcore.a(bamatrix.obj)
                0x000000000016f150                _rwMatrixIdentityError
                0x000000000016e738                RwMatrixScale
                0x000000000016ef70                RwMatrixUpdate
                0x000000000016eb38                RwMatrixDestroy
                0x000000000016ef50                RwMatrixQueryRotate
                0x000000000016ef90                _rwMatrixDeterminant
                0x000000000016ee58                RwMatrixRotate
                0x000000000016f010                _rwMatrixNormalError
                0x000000000016ee38                RwMatrixOrthoNormalize
                0x000000000016f0b8                _rwMatrixOrthogonalError
                0x000000000016f200                _rwMatrixSetOptimizations
                0x000000000016ec78                RwMatrixTransform
                0x000000000016f250                _rwMatrixOpen
                0x000000000016e308                RwMatrixRotateOneMinusCosineSine
                0x000000000016e5b0                RwMatrixInvert
                0x000000000016e100                RwMatrixOptimize
                0x000000000016ebf8                RwMatrixMultiply
                0x000000000016f2c8                _rwMatrixClose
                0x000000000016eb70                RwMatrixCreate
                0x000000000016e978                RwMatrixTranslate
                0x000000000016f220                _rwMatrixSetMultFn
 .text          0x000000000016f330      0x968 E:/nightly/rwsdk.sky/rwsdk/lib/sky2/librwcore.a(bamemory.obj)
                0x000000000016f9f8                RwFreeListPurge
                0x000000000016fbb0                _rwMemoryOpen